digraph main {
	b0;
	b1;
	end;
	b3;
	b4;
	b5;
	l_1_3;
	b7;
	l_1_2;
	b9;
	l_1_1;
	b11;
	l_0_3;
	b13;
	l_0_2;
	b15;
	l_0_1;
	b17;
	start;
	b0 -> start;
	l_1_3 -> end;
	l_1_2 -> l_1_3;
	l_1_1 -> l_1_3;
	l_0_3 -> l_1_1;
	l_0_3 -> l_1_2;
	l_0_2 -> l_0_3;
	l_0_1 -> l_0_3;
	start -> l_0_1;
	start -> l_0_2;
}
